help-bash.sh displays the things like documentation comments in .sh file.

USAGE:
  help-bash.sh [OPTIONS] [PATH]


ARGS:
    <PATH>
        A file to display documentations.


OPTIONS:
    -f
        Displays top-level (outside of any statements) functions documentations.
    -r
        Displays top-level variables documentations.
    -h
        Prints help information.
    -v
        Prints version information.
    -t
        Threshold to determine whether to display the top-level comments.
        e.g. the value is 3 then displays 3 or more lines of top-level comments.
        Default is 5.
    -d
        Enable debug logs.


ENVIRONMENT VARIABLES:
    AWK
        awk command.
    GREP
        grep command.

Function:dbg()
Print debug log when debug is 1.

Function:print_version()
Print version of this script.

Function:display_docs()
Find top-level comments and print them.

Examples:

Top-level comment, threshold (-t) is 3:

# 1st
# 2nd
# 3rd

then outputs

1st
2nd
3rd

Top-level function:

# desc1
# desc2
func() {
...

then outputs

Function:func()
desc1
desc2

Top-level variable:

# desc1
# desc2
var=1

then outputs

Variable:var=1
desc1
desc2

Function:print_usage()
Print usage of this script.

Function:is_natural()
Return status 1 if given argument $1 is a natural integer.

